Port Instructions for port ABCDE
Algorithm name,travels/travel_1,travels/travel_2
Naive Algorithm,Load 12345 0 0 0 Reject 12312 -1 -1 -1,Load 12345 0 0 0 Load 12874 0 0 1 Load 12343 0 1 0 Load 12342 1 0 0 Load 12jj3 1 0 1 Load 123aa 1 1 0 Load 12311 1 1 1 Reject 12310 -1 -1 -1 Reject 12319 -1 -1 -1 Reject 12317 -1 -1 -1 Reject 12fds -1 -1 -1
