Port Instructions for port ABCDF
Algorithm name,travels/travel_1,travels/travel_2
Naive Algorithm,Unload 12345 0 0 0 Reject 12344 -1 -1 -1,Unload 12jj3 1 0 1 Unload 12874 0 0 1 Load 12jj3 0 0 1 Unload 12jj3 0 0 1 Unload 12342 1 0 0 Unload 12345 0 0 0 Load 12342 0 0 0 Unload 123aa 1 1 0 Unload 12343 0 1 0 Load 123aa 0 1 0 Unload 12342 0 0 0 Unload 123aa 0 1 0 Load 12659 0 0 0 Reject 12344 -1 -1 -1
