Port Instructions for port ABCDG
Algorithm name,travels/travel_2
Naive Algorithm,Unload 12659 0 0 0 Unload 12311 1 1 1 Reject hhhhh -1 -1 -1 Reject hhhha -1 -1 -1
