Simulation results
Algorithm name,travels/travel_1,travels/travel_2
Naive Algorithm,2,20   22
