Simulation errors
Algorithm name,travels/travel_1,travels/travel_2
Naive Algorithm,No Errors for this Travel,No Errors for this Travel
